<html>
<body>
<pre>
<h1>礦ision Build Log</h1>
<h2>Tool Versions:</h2>
IDE-Version: μVision V5.21.1.0
Copyright (C) 2016 ARM Ltd and ARM Germany GmbH. All rights reserved.
License Information: mdk5 mdk5, mdk5, LIC=----
 
Tool Versions:
Toolchain:       MDK-Lite  Version: 5.21a
Toolchain Path:  D:\mdk5\ARM\ARMCC\Bin
C Compiler:      Armcc.exe V5.06 update 3 (build 300)
Assembler:       Armasm.exe V5.06 update 3 (build 300)
Linker/Locator:  ArmLink.exe V5.06 update 3 (build 300)
Library Manager: ArmAr.exe V5.06 update 3 (build 300)
Hex Converter:   FromElf.exe V5.06 update 3 (build 300)
CPU DLL:         SARMCM3.DLL V5.21a
Dialog DLL:      DARMSTM.DLL V1.66.0.1
Target DLL:      STLink\ST-LINKIII-KEIL_SWO.dll V2.0.18.0
Dialog DLL:      TARMSTM.DLL V1.65.0.0
 
<h2>Project:</h2>
C:\Users\lenovo\Desktop\ALIENTEK MiniSTM32 实验0 新建工程实验\USER\test.uvprojx
Project File Date:  10/31/2018

<h2>Output:</h2>
*** Using Compiler 'V5.06 update 3 (build 300)', folder: 'D:\mdk5\ARM\ARMCC\Bin'
Build target 'Target 1'
compiling test.c...
test.c(12): warning:  #1295-D: Deprecated declaration go - give arg types
  void go();     
test.c(13): warning:  #1295-D: Deprecated declaration left - give arg types
  void left();
test.c(14): warning:  #1295-D: Deprecated declaration right - give arg types
  void right();
test.c(15): warning:  #1295-D: Deprecated declaration mini_left - give arg types
  void mini_left();
test.c(16): warning:  #1295-D: Deprecated declaration mini_right - give arg types
  void mini_right();
test.c(17): warning:  #1295-D: Deprecated declaration stop - give arg types
  void stop();
test.c(18): warning:  #1295-D: Deprecated declaration back - give arg types
  void back();
test.c(24): warning:  #177-D: variable "i" was declared but never referenced
    int i=0;
test.c(27): warning:  #177-D: variable "dir" was declared but never referenced
  	u8 dir=1;	
test.c: 9 warnings, 0 errors
linking...
Program Size: Code=2128 RO-data=336 RW-data=12 ZI-data=1324  
FromELF: creating hex file...
"..\OBJ\test.axf" - 0 Error(s), 9 Warning(s).

<h2>Collection of Component include folders:</h2>
  C:\Users\lenovo\Desktop\ALIENTEK MiniSTM32 实验0 新建工程实验\USER\RTE
  D:\mdk5\ARM\PACK\Keil\STM32F1xx_DFP\2.2.0\Device\Include

<h2>Collection of Component Files used:</h2>
Build Time Elapsed:  00:00:03
</pre>
</body>
</html>
